seed 42 epoch 01/10 | baseline val NLL 0.5579 acc 0.8065 | vbll val NLL 0.5577 acc 0.8015 | 4.4s
seed 42 epoch 02/10 | baseline val NLL 0.4647 acc 0.8370 | vbll val NLL 0.4607 acc 0.8415 | 3.2s
seed 42 epoch 03/10 | baseline val NLL 0.4117 acc 0.8535 | vbll val NLL 0.4223 acc 0.8515 | 4.1s
seed 42 epoch 04/10 | baseline val NLL 0.4059 acc 0.8610 | vbll val NLL 0.4039 acc 0.8610 | 3.4s
seed 42 epoch 05/10 | baseline val NLL 0.4071 acc 0.8580 | vbll val NLL 0.3921 acc 0.8570 | 4.1s
seed 42 epoch 06/10 | baseline val NLL 0.3711 acc 0.8650 | vbll val NLL 0.3618 acc 0.8710 | 4.1s
seed 42 epoch 07/10 | baseline val NLL 0.3678 acc 0.8805 | vbll val NLL 0.3616 acc 0.8745 | 3.9s
seed 42 epoch 08/10 | baseline val NLL 0.3460 acc 0.8850 | vbll val NLL 0.3407 acc 0.8820 | 3.8s
seed 42 epoch 09/10 | baseline val NLL 0.3518 acc 0.8825 | vbll val NLL 0.3376 acc 0.8835 | 3.5s
seed 42 epoch 10/10 | baseline val NLL 0.3506 acc 0.8750 | vbll val NLL 0.3384 acc 0.8775 | 3.5s
seed 43 epoch 01/10 | baseline val NLL 0.5540 acc 0.7920 | vbll val NLL 0.5574 acc 0.7895 | 3.8s
seed 43 epoch 02/10 | baseline val NLL 0.4398 acc 0.8415 | vbll val NLL 0.4578 acc 0.8460 | 4.0s
seed 43 epoch 03/10 | baseline val NLL 0.4133 acc 0.8570 | vbll val NLL 0.4041 acc 0.8600 | 4.3s
seed 43 epoch 04/10 | baseline val NLL 0.3922 acc 0.8635 | vbll val NLL 0.3913 acc 0.8605 | 4.2s
seed 43 epoch 05/10 | baseline val NLL 0.3759 acc 0.8700 | vbll val NLL 0.3752 acc 0.8760 | 4.0s
seed 43 epoch 06/10 | baseline val NLL 0.3559 acc 0.8705 | vbll val NLL 0.3592 acc 0.8640 | 3.4s
seed 43 epoch 07/10 | baseline val NLL 0.3387 acc 0.8795 | vbll val NLL 0.3430 acc 0.8715 | 4.2s
seed 43 epoch 08/10 | baseline val NLL 0.3760 acc 0.8670 | vbll val NLL 0.3720 acc 0.8665 | 3.8s
seed 43 epoch 09/10 | baseline val NLL 0.3284 acc 0.8850 | vbll val NLL 0.3275 acc 0.8830 | 3.7s
seed 43 epoch 10/10 | baseline val NLL 0.3715 acc 0.8725 | vbll val NLL 0.3312 acc 0.8850 | 4.5s
seed 44 epoch 01/10 | baseline val NLL 0.5988 acc 0.7780 | vbll val NLL 1.7573 acc 0.6985 | 4.2s
seed 44 epoch 02/10 | baseline val NLL 0.4810 acc 0.8275 | vbll val NLL 1.4039 acc 0.7540 | 3.8s
seed 44 epoch 03/10 | baseline val NLL 0.4708 acc 0.8240 | vbll val NLL 1.1982 acc 0.7770 | 4.3s
seed 44 epoch 04/10 | baseline val NLL 0.4224 acc 0.8495 | vbll val NLL 1.0655 acc 0.8005 | 4.2s
seed 44 epoch 05/10 | baseline val NLL 0.4163 acc 0.8430 | vbll val NLL 0.8819 acc 0.8045 | 4.2s
seed 44 epoch 06/10 | baseline val NLL 0.3902 acc 0.8580 | vbll val NLL 0.8715 acc 0.8040 | 3.8s
seed 44 epoch 07/10 | baseline val NLL 0.3602 acc 0.8725 | vbll val NLL 0.7762 acc 0.8215 | 3.9s
seed 44 epoch 08/10 | baseline val NLL 0.3781 acc 0.8625 | vbll val NLL 0.6899 acc 0.8170 | 4.6s
seed 44 epoch 09/10 | baseline val NLL 0.3456 acc 0.8860 | vbll val NLL 0.6974 acc 0.8280 | 4.2s
seed 44 epoch 10/10 | baseline val NLL 0.3389 acc 0.8850 | vbll val NLL 0.6588 acc 0.8290 | 3.6s
TEST baseline seed42 clean: acc=0.8768 NLL=0.3440 ECE=0.0081
TEST baseline seed42 gaussian_noise_0.2: acc=0.7541 NLL=0.6508 ECE=0.0615
TEST vbll seed42 clean: acc=0.8793 NLL=0.3461 ECE=0.0118
TEST vbll seed42 gaussian_noise_0.2: acc=0.8146 NLL=0.5055 ECE=0.0141
TEST baseline seed43 clean: acc=0.8775 NLL=0.3468 ECE=0.0095
TEST baseline seed43 gaussian_noise_0.2: acc=0.7393 NLL=0.6871 ECE=0.0797
TEST vbll seed43 clean: acc=0.8787 NLL=0.3420 ECE=0.0054
TEST vbll seed43 gaussian_noise_0.2: acc=0.7406 NLL=0.6766 ECE=0.0668
TEST baseline seed44 clean: acc=0.8786 NLL=0.3446 ECE=0.0086
TEST baseline seed44 gaussian_noise_0.2: acc=0.7462 NLL=0.6687 ECE=0.0567
TEST vbll seed44 clean: acc=0.8223 NLL=0.6638 ECE=0.0535
TEST vbll seed44 gaussian_noise_0.2: acc=0.7911 NLL=0.6760 ECE=0.0229
Completed in 123.6s. Results: results/
